[2026-06-21 00:04:15] [Simulation] Stopping simulation engine
[2026-06-21 00:04:15] [UI] User triggered exit protocol
[2026-06-21 00:04:10] [UI] User submitted settings successfully
[2026-06-21 00:04:10] [Settings] Saving user configuration to settings.json
[2026-06-21 00:03:48] [System] Fetching global system information
[2026-06-21 00:03:26] [System] Initial settings applied successfully
[2026-06-21 00:03:26] [Settings] Loading configuration from settings.json
[2026-06-21 00:03:26] [System] Fetching global system information
[2026-06-21 00:03:25] [System] Fetching global system information
[2026-06-19 12:11:39] [System] Fetching global system information
[2026-06-19 12:11:37] [System] Fetching global system information
[2026-06-13 23:16:44] [Simulation] Stopping simulation engine
[2026-06-13 23:16:44] [UI] User triggered exit protocol
[2026-06-13 23:16:42] [System] Fetching global system information
[2026-06-13 23:12:15] [Simulation] Core simulation loop initialized and running
[2026-06-13 23:12:15] [Simulation] Attempting to start simulation engine
[2026-06-13 23:12:15] [Benchmark] Selected Phase 1 task: Rle
[2026-06-13 23:12:15] [Settings] Updating environment parameters
[2026-06-13 23:12:08] [UI] User submitted settings successfully
[2026-06-13 23:12:08] [Settings] Saving user configuration to settings.json
[2026-06-13 23:12:05] [UI] User submitted settings successfully
[2026-06-13 23:12:05] [Settings] Saving user configuration to settings.json
[2026-06-13 23:12:01] [UI] User submitted settings successfully
[2026-06-13 23:12:01] [Settings] Saving user configuration to settings.json
[2026-06-13 23:11:57] [UI] User submitted settings successfully
[2026-06-13 23:11:57] [Settings] Saving user configuration to settings.json
[2026-06-13 23:11:54] [UI] User submitted settings successfully
[2026-06-13 23:11:54] [Settings] Saving user configuration to settings.json
[2026-06-13 23:11:51] [UI] User submitted settings successfully
[2026-06-13 23:11:51] [Settings] Saving user configuration to settings.json
[2026-06-13 23:11:43] [UI] User submitted settings successfully
[2026-06-13 23:11:43] [Settings] Saving user configuration to settings.json
[2026-06-13 23:11:33] [System] No initial settings to apply
[2026-06-13 23:11:33] [Settings] Loading configuration from settings.json
[2026-06-13 23:11:33] [System] Fetching global system information
[2026-06-13 23:11:33] [System] Fetching global system information
[2026-06-13 23:11:24] [Simulation] Stopping simulation engine
[2026-06-13 23:11:24] [UI] User triggered exit protocol
[2026-06-13 23:11:19] [System] No initial settings to apply
[2026-06-13 23:11:19] [Settings] Loading configuration from settings.json
[2026-06-13 23:11:19] [System] Fetching global system information
[2026-06-13 23:11:19] [System] Fetching global system information
[2026-06-13 23:08:31] [System] No initial settings to apply
[2026-06-13 23:08:31] [Settings] Loading configuration from settings.json
[2026-06-13 23:08:31] [System] Fetching global system information
[2026-06-13 23:08:31] [System] Fetching global system information
[2026-06-13 19:37:56] [System] No initial settings to apply
[2026-06-13 19:37:56] [System] No initial settings to apply
[2026-06-13 19:37:56] [Settings] Loading configuration from settings.json
[2026-06-13 19:37:56] [System] Fetching global system information
[2026-06-13 19:37:56] [System] Fetching global system information
[2026-06-13 19:37:56] [Settings] Loading configuration from settings.json
[2026-06-13 19:37:56] [System] Fetching global system information
[2026-06-13 19:37:55] [System] Fetching global system information
[2026-04-18 19:50:58] [System] No initial settings to apply
[2026-04-18 19:50:58] [System] No initial settings to apply
[2026-04-18 19:50:58] [Settings] Loading configuration from settings.json
[2026-04-18 19:50:58] [System] Fetching global system information
[2026-04-18 19:50:58] [System] Fetching global system information
[2026-04-18 19:50:58] [Settings] Loading configuration from settings.json
[2026-04-18 19:50:58] [System] Fetching global system information
[2026-04-18 19:50:57] [System] Fetching global system information
[2026-04-18 19:50:42] [System] No initial settings to apply
[2026-04-18 19:50:42] [System] No initial settings to apply
[2026-04-18 19:50:42] [Settings] Loading configuration from settings.json
[2026-04-18 19:50:42] [System] Fetching global system information
[2026-04-18 19:50:42] [System] Fetching global system information
[2026-04-18 19:50:42] [Settings] Loading configuration from settings.json
[2026-04-18 19:50:42] [System] Fetching global system information
[2026-04-18 19:50:42] [System] Fetching global system information
[2026-04-18 19:50:24] [System] No initial settings to apply
[2026-04-18 19:50:24] [System] No initial settings to apply
[2026-04-18 19:50:24] [Settings] Loading configuration from settings.json
[2026-04-18 19:50:24] [System] Fetching global system information
[2026-04-18 19:50:24] [System] Fetching global system information
[2026-04-18 19:50:24] [Settings] Loading configuration from settings.json
[2026-04-18 19:50:24] [System] Fetching global system information
[2026-04-18 19:50:23] [System] Fetching global system information
[2026-01-22 22:23:45] [UI] User triggered exit protocol
[2026-01-22 22:23:45] [UI] User triggered exit protocol
[2026-01-22 22:23:45] [UI] User triggered exit protocol
[2026-01-22 22:23:45] [UI] User triggered exit protocol
[2026-01-22 22:23:45] [UI] User triggered exit protocol
[2026-01-22 22:23:44] [UI] User triggered exit protocol
[2026-01-22 22:23:42] [System] Fetching global system information
[2026-01-22 22:23:42] [System] Fetching global system information
[2026-01-22 22:23:04] [Settings] Loading configuration from settings.json
[2026-01-22 22:22:41] [System] No initial settings to apply
[2026-01-22 22:22:41] [System] No initial settings to apply
[2026-01-22 22:22:41] [Settings] Loading configuration from settings.json
[2026-01-22 22:22:40] [System] Fetching global system information
[2026-01-22 22:22:40] [System] Fetching global system information
[2026-01-22 22:22:40] [Settings] Loading configuration from settings.json
[2026-01-22 22:22:40] [System] Fetching global system information
[2026-01-22 22:22:40] [System] Fetching global system information
